bankssts                                 1638   1182   2664  2.357 0.561     0.116     0.027       12     1.9
caudalanteriorcingulate                   808    623   2207  2.820 0.727     0.197     0.074       25     2.7
caudalmiddlefrontal                      4376   3010   8361  2.441 0.544     0.134     0.043       61     7.8
cuneus                                   2751   1907   4380  1.899 0.555     0.196     0.089      114    10.6
entorhinal                                489    345   1269  2.512 0.856     0.160     0.050        9     1.1
fusiform                                 5910   4198  10607  2.124 0.673     0.172     0.198      425    20.5
inferiorparietal                         8100   5609  14268  2.191 0.597     0.152     0.077      266    20.4
inferiortemporal                         5268   3388   9703  2.167 0.804     0.159     0.077      130    16.9
isthmuscingulate                         1409   1005   2866  2.482 0.859     0.159     0.060       28     3.5
lateraloccipital                         5584   3889   9996  2.157 0.562     0.186     0.096      195    22.1
lateralorbitofrontal                     3205   2145   6800  2.733 0.868     0.147     0.061       54     7.4
lingual                                  3684   2595   6562  2.200 0.732     0.182     0.104      531    20.0
medialorbitofrontal                      2675   1692   5159  2.256 0.831     0.149     0.066       51     6.9
middletemporal                           5300   3805  12943  2.586 0.815     0.159     0.067      105    14.1
parahippocampal                          1135    807   2390  2.371 0.920     0.139     0.056       17     2.5
paracentral                              2911   1938   5122  2.381 0.632     0.129     0.037       29     4.6
parsopercularis                          2217   1554   4383  2.436 0.564     0.142     0.054       42     4.3
parsorbitalis                            1415   1048   3381  2.428 0.622     0.186     0.083       38     3.9
parstriangularis                         1829   1319   3964  2.444 0.640     0.140     0.047       25     3.4
pericalcarine                            2305   1562   2782  1.613 0.566     0.181     0.438      420    66.2
postcentral                              6956   4676  11574  2.127 0.697     0.135     0.043       86    12.5
posteriorcingulate                       1556   1135   3461  2.630 0.502     0.171     0.067       30     3.9
precentral                               8173   5464  14949  2.433 0.594     0.124     0.047       87    14.1
precuneus                                5049   3463   8660  2.197 0.654     0.151     0.074      142    11.5
rostralanteriorcingulate                  654    472   1436  2.361 0.740     0.153     0.058       13     1.4
rostralmiddlefrontal                     5544   3922   9855  2.117 0.635     0.169     0.074      126    16.3
superiorfrontal                         12669   9013  27458  2.532 0.642     0.153     0.109      436    30.6
superiorparietal                         9245   6308  14628  2.066 0.508     0.150     0.053      151    19.1
superiortemporal                         6110   4173  13377  2.587 0.737     0.137     0.053       93    13.7
supramarginal                            3549   2488   7407  2.477 0.623     0.158     0.069       74     9.5
frontalpole                               478    396   1821  3.082 0.751     0.292     0.231       26     6.0
temporalpole                              598    494   2821  3.678 0.719     0.235     0.117       19     3.2
transversetemporal                        454    299    879  2.515 0.469     0.138     0.044        5     0.8
