% testdata2: <surf area> <gray vol> <thick mean> <thick var> <integ rect. mean curv> <integ rect. Gauss curv> <fold index> <intr curv ind>
95979	255993	2.255	0.875	0.159	0.093	4584	393.5
