number of vertices                      = 136568
total surface area                      = 95979 mm^2
total gray matter volume                = 255993 mm^3
average cortical thickness              = 2.255 mm +- 0.875 mm
average integrated rectified mean curvature     = 0.159
average integrated rectified Gaussian curvature = 0.093
folding index                           = 4584
intrinsic curvature index               = 393.5
